
> solon-slide-studio@1.0.0 test
> vitest run


[1m[7m[36m RUN [39m[27m[22m [36mv2.1.9 [39m[90mC:/source/SOLON[39m

 [32mΓ£ô[39m server/__tests__/selections-to-zones.test.js[2m > [22mselectionsToZones[2m > [22mreturns an empty array for empty selections
 [32mΓ£ô[39m server/__tests__/selections-to-zones.test.js[2m > [22mselectionsToZones[2m > [22mconverts a leaf selection to a block zone
 [32mΓ£ô[39m server/__tests__/selections-to-zones.test.js[2m > [22mselectionsToZones[2m > [22mconverts a block selection to a block zone
 [32mΓ£ô[39m server/__tests__/selections-to-zones.test.js[2m > [22mselectionsToZones[2m > [22mpreserves nodeId on each zone
 [32mΓ£ô[39m server/__tests__/selections-to-zones.test.js[2m > [22mselectionsToZones[2m > [22mpreserves slideIndex
 [32mΓ£ô[39m server/__tests__/selections-to-zones.test.js[2m > [22mselectionsToZones[2m > [22msets elementOrder from array position
 [32mΓ£ô[39m server/__tests__/selections-to-zones.test.js[2m > [22mselectionsToZones[2m > [22mrespects autoGenerate:false on block zones
 [32mΓ£ô[39m server/__tests__/selections-to-zones.test.js[2m > [22mselectionsToZones[2m > [22malways sets autoGenerate:true on block zones
 [32mΓ£ô[39m server/__tests__/selections-to-zones.test.js[2m > [22mselectionsToZones[2m > [22malways sets type:block for leaf zones regardless of selection type
 [32mΓ£ô[39m server/__tests__/selections-to-zones.test.js[2m > [22mselectionsToZones[2m > [22malways sets type:block for block zones regardless of selection type
 [32mΓ£ô[39m server/__tests__/selections-to-zones.test.js[2m > [22mselectionsToZones[2m > [22msets isRepeatable:false and repeatableKey:null for all zones
 [32mΓ£ô[39m server/__tests__/selections-to-zones.test.js[2m > [22mselectionsToZones[2m > [22mpreserves hint on leaf zones
 [32mΓ£ô[39m server/__tests__/selections-to-zones.test.js[2m > [22mselectionsToZones[2m > [22mconverts multiple selections in order
 [32mΓ£ô[39m server/__tests__/selections-to-zones.test.js[2m > [22mselectionsToZones ΓÇö exampleHtml[2m > [22mpropagates exampleHtml from a block selection to the zone
 [32mΓ£ô[39m server/__tests__/selections-to-zones.test.js[2m > [22mselectionsToZones ΓÇö exampleHtml[2m > [22mexampleHtml is undefined on a block zone when not present on selection
 [32mΓ£ô[39m server/__tests__/selections-to-zones.test.js[2m > [22mselectionsToZones ΓÇö exampleHtml[2m > [22mexampleHtml is undefined on a block zone when selection has empty string
 [32mΓ£ô[39m server/__tests__/selections-to-zones.test.js[2m > [22mselectionsToZones ΓÇö exampleHtml[2m > [22mexampleHtml is preserved on leaf zones when provided
 [32mΓ£ô[39m server/__tests__/selections-to-zones.test.js[2m > [22mselectionsToZones ΓÇö exampleHtml[2m > [22mpreserves multiline HTML in exampleHtml
 [32mΓ£ô[39m server/__tests__/selections-to-zones.test.js[2m > [22mresolveConflicts[2m > [22mreturns unchanged selections when there are no conflicts
 [32mΓ£ô[39m server/__tests__/selections-to-zones.test.js[2m > [22mresolveConflicts[2m > [22mremoves a leaf zone that is a descendant of a block zone
 [32mΓ£ô[39m server/__tests__/selections-to-zones.test.js[2m > [22mresolveConflicts[2m > [22mkeeps the block zone itself
 [32mΓ£ô[39m server/__tests__/selections-to-zones.test.js[2m > [22mresolveConflicts[2m > [22mdoes not remove a sibling leaf zone (same prefix but not descendant)
 [32mΓ£ô[39m server/__tests__/selections-to-zones.test.js[2m > [22mresolveConflicts[2m > [22mremoves multiple descendants of a single block zone
 [32mΓ£ô[39m server/__tests__/selections-to-zones.test.js[2m > [22mresolveConflicts[2m > [22mhandles multiple block zones each superseding their own descendants
 [32mΓ£ô[39m server/__tests__/selections-to-zones.test.js[2m > [22mresolveConflicts[2m > [22mdoes not remove a leaf zone at the same level as the block zone
 [32mΓ£ô[39m server/__tests__/selections-to-zones.test.js[2m > [22mresolveConflicts[2m > [22mreturns empty resolved and removed for empty input
 [32mΓ£ô[39m server/__tests__/selections-to-zones.test.js[2m > [22mresolveConflicts[2m > [22mkeeps all selections when there are only leaf zones
 [32mΓ£ô[39m server/__tests__/selections-to-zones.test.js[2m > [22mresolveConflicts[2m > [22mkeeps all selections when there are only block zones
 [32mΓ£ô[39m server/__tests__/selections-to-zones.test.js[2m > [22mselectionsToZones ΓÇö ignored field[2m > [22mshould preserve ignored=true from selection to zone
 [32mΓ£ô[39m server/__tests__/selections-to-zones.test.js[2m > [22mselectionsToZones ΓÇö ignored field[2m > [22mshould preserve ignored=false from selection to zone
 [32mΓ£ô[39m server/__tests__/selections-to-zones.test.js[2m > [22mselectionsToZones ΓÇö ignored field[2m > [22mshould default ignored to false when not provided
 [32mΓ£ô[39m server/__tests__/selections-to-zones.test.js[2m > [22mselectionsToZones ΓÇö ignored field[2m > [22mshould preserve ignored field for block zones
 [32mΓ£ô[39m server/__tests__/selections-to-zones.test.js[2m > [22mselectionsToZones ΓÇö ignored field[2m > [22mshould handle mixed ignored and non-ignored zones
 [32mΓ£ô[39m server/__tests__/selections-to-zones.test.js[2m > [22mselectionsToZones ΓÇö repeatableSlides[2m > [22mmarks zones on repeatable slides as isRepeatable:true
 [32mΓ£ô[39m server/__tests__/selections-to-zones.test.js[2m > [22mselectionsToZones ΓÇö repeatableSlides[2m > [22mleaves zones on static slides as isRepeatable:false
 [32mΓ£ô[39m server/__tests__/selections-to-zones.test.js[2m > [22mselectionsToZones ΓÇö repeatableSlides[2m > [22mpropagates unique:true from selection (default)
 [32mΓ£ô[39m server/__tests__/selections-to-zones.test.js[2m > [22mselectionsToZones ΓÇö repeatableSlides[2m > [22mpropagates unique:false from selection
 [32mΓ£ô[39m server/__tests__/selections-to-zones.test.js[2m > [22mselectionsToZones ΓÇö repeatableSlides[2m > [22mzones on static slides have unique:undefined (not applicable)
 [32mΓ£ô[39m server/__tests__/selections-to-zones.test.js[2m > [22mselectionsToZones ΓÇö repeatableSlides[2m > [22mhandles empty repeatableSlides array
 [32mΓ£ô[39m server/__tests__/selections-to-zones.test.js[2m > [22mselectionsToZones ΓÇö repeatableSlides[2m > [22mhandles missing repeatableSlides argument (backward compat)
 [32mΓ£ô[39m server/__tests__/selections-to-zones.test.js[2m > [22mselectionsToZones ΓÇö repeatableSlides[2m > [22mmixed slide: some zones repeatable, some static
 [32mΓ£ô[39m server/__tests__/html-recipe-builder.test.js[2m > [22mbuildHtmlRecipe[2m > [22mcontains INSTRUCTIONS header
 [32mΓ£ô[39m server/__tests__/html-recipe-builder.test.js[2m > [22mbuildHtmlRecipe[2m > [22mincludes BLOCK ZONES section for leaf zones (converted to block)
 [32mΓ£ô[39m server/__tests__/html-recipe-builder.test.js[2m > [22mbuildHtmlRecipe[2m > [22mexcludes non-autoGenerate leaf zones
 [32mΓ£ô[39m server/__tests__/html-recipe-builder.test.js[2m > [22mbuildHtmlRecipe[2m > [22mdeduplicates block keys that appear on multiple non-repeatable slides
 [32mΓ£ô[39m server/__tests__/html-recipe-builder.test.js[2m > [22mbuildHtmlRecipe[2m > [22mhandles block zones for shared keys across slides
 [32mΓ£ô[39m server/__tests__/html-recipe-builder.test.js[2m > [22mbuildHtmlRecipe[2m > [22mincludes BLOCK ZONES section for block zones
 [32mΓ£ô[39m server/__tests__/html-recipe-builder.test.js[2m > [22mbuildHtmlRecipe[2m > [22mincludes example HTML in block zone entry when available
 [32mΓ£ô[39m server/__tests__/html-recipe-builder.test.js[2m > [22mbuildHtmlRecipe[2m > [22mincludes REPEATABLE SLIDE section for repeatable leaf zones
 [32mΓ£ô[39m server/__tests__/html-recipe-builder.test.js[2m > [22mbuildHtmlRecipe[2m > [22mincludes repeatable block zones inside REPEATABLE SLIDE section
 [32mΓ£ô[39m server/__tests__/html-recipe-builder.test.js[2m > [22mbuildHtmlRecipe[2m > [22mprepends GLOBAL GUIDANCE when provided
 [32mΓ£ô[39m server/__tests__/html-recipe-builder.test.js[2m > [22mbuildHtmlRecipe[2m > [22momits GLOBAL GUIDANCE when not provided
 [32mΓ£ô[39m server/__tests__/html-recipe-builder.test.js[2m > [22mbuildHtmlRecipe[2m > [22mnumbers sections sequentially: only BLOCK ZONES
 [32mΓ£ô[39m server/__tests__/html-recipe-builder.test.js[2m > [22mbuildHtmlRecipe[2m > [22mnumbers sections sequentially: block=1, repeatable=2
 [32mΓ£ô[39m server/__tests__/html-recipe-builder.test.js[2m > [22mbuildHtmlRecipe[2m > [22mnumbers sections: block=1, repeatable=2
 [32mΓ£ô[39m server/__tests__/html-recipe-builder.test.js[2m > [22mbuildHtmlRecipe[2m > [22mhandles empty zone list without throwing
 [32mΓ£ô[39m server/__tests__/html-recipe-builder.test.js[2m > [22mbuildHtmlRecipe[2m > [22mincludes IMPORTANT footer
 [32mΓ£ô[39m server/__tests__/html-recipe-builder.test.js[2m > [22mbuildHtmlRecipe[2m > [22mshould exclude ignored leaf zones from recipe
 [32mΓ£ô[39m server/__tests__/html-recipe-builder.test.js[2m > [22mbuildHtmlRecipe[2m > [22mshould exclude ignored block zones from recipe
 [32mΓ£ô[39m server/__tests__/html-recipe-builder.test.js[2m > [22mbuildHtmlRecipe[2m > [22mshould exclude ignored zones from block zones
 [32mΓ£ô[39m server/__tests__/html-recipe-builder.test.js[2m > [22mbuildHtmlRecipe[2m > [22mshould handle mixed ignored and non-ignored repeatable zones
 [32mΓ£ô[39m server/__tests__/html-recipe-builder.test.js[2m > [22mbuildHtmlRecipe[2m > [22mshould treat child zones as ignored when parent is ignored
 [32mΓ£ô[39m server/__tests__/html-recipe-builder.test.js[2m > [22mbuildHtmlRecipe[2m > [22mshould exclude deeply nested children of ignored parent
 [32mΓ£ô[39m server/__tests__/html-recipe-builder.test.js[2m > [22mbuildHtmlRecipe[2m > [22mshould only exclude children of ignored parent, not siblings
 [32mΓ£ô[39m server/__tests__/html-recipe-builder.test.js[2m > [22mvalidateHtmlJson[2m > [22mreturns valid:false for invalid JSON syntax
 [32mΓ£ô[39m server/__tests__/html-recipe-builder.test.js[2m > [22mvalidateHtmlJson[2m > [22mvalidates a correct static-only JSON
 [32mΓ£ô[39m server/__tests__/html-recipe-builder.test.js[2m > [22mvalidateHtmlJson[2m > [22maccepts flat JSON without static wrapper for static fields
 [32mΓ£ô[39m server/__tests__/html-recipe-builder.test.js[2m > [22mvalidateHtmlJson[2m > [22mreports missing static fields
 [32mΓ£ô[39m server/__tests__/html-recipe-builder.test.js[2m > [22mvalidateHtmlJson[2m > [22mignores non-autoGenerate leaf zones
 [32mΓ£ô[39m server/__tests__/html-recipe-builder.test.js[2m > [22mvalidateHtmlJson[2m > [22mvalidates contextual fields for shared keys
 [32mΓ£ô[39m server/__tests__/html-recipe-builder.test.js[2m > [22mvalidateHtmlJson[2m > [22mreports missing contextual entry for a slide
 [32mΓ£ô[39m server/__tests__/html-recipe-builder.test.js[2m > [22mvalidateHtmlJson[2m > [22mvalidates a correct block zone
 [32mΓ£ô[39m server/__tests__/html-recipe-builder.test.js[2m > [22mvalidateHtmlJson[2m > [22maccepts a block zone value as a plain string (not wrapped in {value})
 [32mΓ£ô[39m server/__tests__/html-recipe-builder.test.js[2m > [22mvalidateHtmlJson[2m > [22mreports missing block zone
 [32mΓ£ô[39m server/__tests__/html-recipe-builder.test.js[2m > [22mvalidateHtmlJson[2m > [22mvalidates repeatable slides with correct instances
 [32mΓ£ô[39m server/__tests__/html-recipe-builder.test.js[2m > [22mvalidateHtmlJson[2m > [22mreports missing repeatable instances
 [32mΓ£ô[39m server/__tests__/html-recipe-builder.test.js[2m > [22mvalidateHtmlJson[2m > [22mreports missing unique key in repeatable instance
 [32mΓ£ô[39m server/__tests__/html-recipe-builder.test.js[2m > [22mvalidateHtmlJson[2m > [22mreturns instanceCount = 0 when no repeatable instances
 [32mΓ£ô[39m server/__tests__/html-recipe-builder.test.js[2m > [22mvalidateHtmlJson[2m > [22mvalidates mixed leaf + block + repeatable correctly
 [32mΓ£ô[39m server/__tests__/html-recipe-builder.test.js[2m > [22mbuildHtmlRecipe ΓÇö repeatableSlides[2m > [22memits a REPEATABLE SLIDE section
 [32mΓ£ô[39m server/__tests__/html-recipe-builder.test.js[2m > [22mbuildHtmlRecipe ΓÇö repeatableSlides[2m > [22membeds the generation prompt
 [32mΓ£ô[39m server/__tests__/html-recipe-builder.test.js[2m > [22mbuildHtmlRecipe ΓÇö repeatableSlides[2m > [22memits a SHARED VALUES sub-section for non-unique zones
 [32mΓ£ô[39m server/__tests__/html-recipe-builder.test.js[2m > [22mbuildHtmlRecipe ΓÇö repeatableSlides[2m > [22memits an INSTANCE VALUES sub-section for unique zones
 [32mΓ£ô[39m server/__tests__/html-recipe-builder.test.js[2m > [22mbuildHtmlRecipe ΓÇö repeatableSlides[2m > [22munique zones do NOT appear in shared sub-section
 [32mΓ£ô[39m server/__tests__/html-recipe-builder.test.js[2m > [22mbuildHtmlRecipe ΓÇö repeatableSlides[2m > [22mnon-unique zones do NOT appear in the instance structure definition
 [32mΓ£ô[39m server/__tests__/html-recipe-builder.test.js[2m > [22mbuildHtmlRecipe ΓÇö repeatableSlides[2m > [22mincludes full exampleHtml for block zones (no truncation)
 [32mΓ£ô[39m server/__tests__/html-recipe-builder.test.js[2m > [22mbuildHtmlRecipe ΓÇö repeatableSlides[2m > [22memits the { shared, instances } JSON structure
 [32mΓ£ô[39m server/__tests__/html-recipe-builder.test.js[2m > [22mbuildHtmlRecipe ΓÇö repeatableSlides[2m > [22mblock zones are unaffected by repeatableSlides
 [32mΓ£ô[39m server/__tests__/html-recipe-builder.test.js[2m > [22mbuildHtmlRecipe ΓÇö repeatableSlides[2m > [22mhandles a slide where all zones are unique (no shared sub-section)
 [32mΓ£ô[39m server/__tests__/html-recipe-builder.test.js[2m > [22mbuildHtmlRecipe ΓÇö repeatableSlides[2m > [22mhandles a slide where all zones are non-unique (no instances sub-section)
 [32mΓ£ô[39m server/__tests__/html-recipe-builder.test.js[2m > [22mvalidateHtmlJson ΓÇö repeatableSlides[2m > [22mreturns valid:true for correct shared + instances JSON
 [32mΓ£ô[39m server/__tests__/html-recipe-builder.test.js[2m > [22mvalidateHtmlJson ΓÇö repeatableSlides[2m > [22mreturns instanceCount = 2
 [32mΓ£ô[39m server/__tests__/html-recipe-builder.test.js[2m > [22mvalidateHtmlJson ΓÇö repeatableSlides[2m > [22mreturns valid:false when slides[key] is missing
 [32mΓ£ô[39m server/__tests__/html-recipe-builder.test.js[2m > [22mvalidateHtmlJson ΓÇö repeatableSlides[2m > [22mreturns valid:false when shared is missing a non-unique key
 [32mΓ£ô[39m server/__tests__/html-recipe-builder.test.js[2m > [22mvalidateHtmlJson ΓÇö repeatableSlides[2m > [22mreturns valid:false when instances is missing
 [32mΓ£ô[39m server/__tests__/html-recipe-builder.test.js[2m > [22mvalidateHtmlJson ΓÇö repeatableSlides[2m > [22mreturns valid:false when instances is empty
 [32mΓ£ô[39m server/__tests__/html-recipe-builder.test.js[2m > [22mvalidateHtmlJson ΓÇö repeatableSlides[2m > [22mreturns valid:false when an instance is missing a unique key
 [32mΓ£ô[39m server/__tests__/html-recipe-builder.test.js[2m > [22mvalidateHtmlJson ΓÇö repeatableSlides[2m > [22mmissingFields includes instance index for unique key errors
 [32mΓ£ô[39m server/__tests__/html-recipe-builder.test.js[2m > [22mvalidateHtmlJson ΓÇö repeatableSlides[2m > [22maccepts missing shared when all zones are unique
 [32mΓ£ô[39m server/__tests__/html-recipe-builder.test.js[2m > [22mvalidateHtmlJson ΓÇö repeatableSlides[2m > [22mbackward compat: old slides array format still validates when no repSlides arg
 [32mΓ£ô[39m server/__tests__/html-patcher.test.js[2m > [22mapplyHtmlContent ΓÇö leaf zones[2m > [22mreplaces textContent of a data-zone element
 [32mΓ£ô[39m server/__tests__/html-patcher.test.js[2m > [22mapplyHtmlContent ΓÇö leaf zones[2m > [22maccepts flat JSON (no static wrapper) for leaf zones
 [32mΓ£ô[39m server/__tests__/html-patcher.test.js[2m > [22mapplyHtmlContent ΓÇö leaf zones[2m > [22mleaves non-autoGenerate zones unchanged
 [32mΓ£ô[39m server/__tests__/html-patcher.test.js[2m > [22mapplyHtmlContent ΓÇö leaf zones[2m > [22mstrips data-zone attributes from output
 [32mΓ£ô[39m server/__tests__/html-patcher.test.js[2m > [22mapplyHtmlContent ΓÇö leaf zones[2m > [22mhandles multiple leaf zones on the same slide
 [32mΓ£ô[39m server/__tests__/html-patcher.test.js[2m > [22mapplyHtmlContent ΓÇö leaf zones[2m > [22mapplies block values per slide for shared keys
 [32mΓ£ô[39m server/__tests__/html-patcher.test.js[2m > [22mapplyHtmlContent ΓÇö block zones[2m > [22mreplaces innerHTML of a data-block element
 [32mΓ£ô[39m server/__tests__/html-patcher.test.js[2m > [22mapplyHtmlContent ΓÇö block zones[2m > [22maccepts block value as a plain string
 [32mΓ£ô[39m server/__tests__/html-patcher.test.js[2m > [22mapplyHtmlContent ΓÇö block zones[2m > [22mstrips data-block and data-prompt attributes
 [32mΓ£ô[39m server/__tests__/html-patcher.test.js[2m > [22mapplyHtmlContent ΓÇö block zones[2m > [22mpreserves surrounding HTML structure around the block element
 [32mΓ£ô[39m server/__tests__/html-patcher.test.js[2m > [22mapplyHtmlContent ΓÇö block zones via nodeId[2m > [22mreplaces innerHTML of an element matched by nodeId
 [32mΓ£ô[39m server/__tests__/html-patcher.test.js[2m > [22mapplyHtmlContent ΓÇö block zones via nodeId[2m > [22mresolves a nested nodeId path (parent>child)
 [32mΓ£ô[39m server/__tests__/html-patcher.test.js[2m > [22mapplyHtmlContent ΓÇö block zones via nodeId[2m > [22mresolves a nodeId with a sibling disambiguator [N]
 [32mΓ£ô[39m server/__tests__/html-patcher.test.js[2m > [22mapplyHtmlContent ΓÇö block zones via nodeId[2m > [22maccepts a plain string block value (no {value} wrapper)
 [32mΓ£ô[39m server/__tests__/html-patcher.test.js[2m > [22mapplyHtmlContent ΓÇö block zones via nodeId[2m > [22mleaves element unchanged when no matching value in data
 [32mΓ£ô[39m server/__tests__/html-patcher.test.js[2m > [22mapplyHtmlContent ΓÇö block zones via nodeId[2m > [22mleaves element unchanged when nodeId does not match any element
 [32mΓ£ô[39m server/__tests__/html-patcher.test.js[2m > [22mapplyHtmlContent ΓÇö block zones via nodeId[2m > [22mpreserves surrounding structure when patching by nodeId
 [32mΓ£ô[39m server/__tests__/html-patcher.test.js[2m > [22mapplyHtmlContent ΓÇö block zones via nodeId[2m > [22mnodeId block zone coexists with data-block zones on the same slide
 [32mΓ£ô[39m server/__tests__/html-patcher.test.js[2m > [22mapplyHtmlContent ΓÇö repeatable slides[2m > [22mclones the repeatable section once per instance
 [32mΓ£ô[39m server/__tests__/html-patcher.test.js[2m > [22mapplyHtmlContent ΓÇö repeatable slides[2m > [22mfills block zones inside repeatable slides per instance
 [32mΓ£ô[39m server/__tests__/html-patcher.test.js[2m > [22mapplyHtmlContent ΓÇö repeatable slides[2m > [22mremoves data-zone from cloned repeatable sections
 [32mΓ£ô[39m server/__tests__/html-patcher.test.js[2m > [22mapplyHtmlContent ΓÇö repeatable slides[2m > [22mproduces zero clones when instances array is empty
 [32mΓ£ô[39m server/__tests__/html-patcher.test.js[2m > [22mapplyHtmlContent ΓÇö repeatable slides[2m > [22mstamps non-unique (shared) zone values identically across all clones
 [32mΓ£ô[39m server/__tests__/html-patcher.test.js[2m > [22mapplyHtmlContent ΓÇö repeatable slides[2m > [22munique zone values differ across clones
 [32mΓ£ô[39m server/__tests__/html-patcher.test.js[2m > [22mapplyHtmlContent ΓÇö repeatable slides[2m > [22mstatic slides before/after repeatable section are preserved
 [32mΓ£ô[39m server/__tests__/html-patcher.test.js[2m > [22mapplyHtmlContent ΓÇö ignored zones[2m > [22mshould skip patching ignored leaf zones
 [32mΓ£ô[39m server/__tests__/html-patcher.test.js[2m > [22mapplyHtmlContent ΓÇö ignored zones[2m > [22mshould skip patching ignored block zones
 [32mΓ£ô[39m server/__tests__/html-patcher.test.js[2m > [22mapplyHtmlContent ΓÇö ignored zones[2m > [22mshould patch non-ignored zones normally
 [32mΓ£ô[39m server/__tests__/html-patcher.test.js[2m > [22mapplyHtmlContent ΓÇö ignored zones[2m > [22mshould handle mixed ignored and non-ignored zones
 [32mΓ£ô[39m server/__tests__/html-patcher.test.js[2m > [22mapplyHtmlContent ΓÇö ignored zones[2m > [22mshould strip data-ignore attribute from output
 [32mΓ£ô[39m server/__tests__/html-patcher.test.js[2m > [22mapplyHtmlContent ΓÇö ignored zones[2m > [22mshould handle ignored zones in repeatable slides
 [32mΓ£ô[39m server/__tests__/html-patcher.test.js[2m > [22mapplyHtmlContent ΓÇö ignored zones[2m > [22mshould skip patching children of ignored parent zone
 [32mΓ£ô[39m server/__tests__/html-patcher.test.js[2m > [22mapplyHtmlContent ΓÇö ignored zones[2m > [22mshould treat child zones as ignored when parent is ignored
 [32mΓ£ô[39m server/__tests__/html-patcher.test.js[2m > [22mapplyHtmlContent ΓÇö attribute stripping[2m > [22mstrips all authoring attributes from the output
 [32mΓ£ô[39m server/__tests__/build-tree.test.js[2m > [22mbuildSectionTree ΓÇö tree structure[2m > [22mreturns an empty tree for an empty section
 [32mΓ£ô[39m server/__tests__/build-tree.test.js[2m > [22mbuildSectionTree ΓÇö tree structure[2m > [22mreturns a single root node for a single child element
 [32mΓ£ô[39m server/__tests__/build-tree.test.js[2m > [22mbuildSectionTree ΓÇö tree structure[2m > [22massigns correct depth: direct children are depth 0
 [32mΓ£ô[39m server/__tests__/build-tree.test.js[2m > [22mbuildSectionTree ΓÇö tree structure[2m > [22massigns depth 1 to grandchildren
 [32mΓ£ô[39m server/__tests__/build-tree.test.js[2m > [22mbuildSectionTree ΓÇö tree structure[2m > [22mbuilds correct node id: tag.class for root child
 [32mΓ£ô[39m server/__tests__/build-tree.test.js[2m > [22mbuildSectionTree ΓÇö tree structure[2m > [22mbuilds nested node id: parent>child
 [32mΓ£ô[39m server/__tests__/build-tree.test.js[2m > [22mbuildSectionTree ΓÇö tree structure[2m > [22mdisambiguates sibling nodes with same tag+class using [N] suffix
 [32mΓ£ô[39m server/__tests__/build-tree.test.js[2m > [22mbuildSectionTree ΓÇö tree structure[2m > [22mmarks leaf nodes correctly (no element children)
 [32mΓ£ô[39m server/__tests__/build-tree.test.js[2m > [22mbuildSectionTree ΓÇö tree structure[2m > [22mmarks container nodes as non-leaf
 [32mΓ£ô[39m server/__tests__/build-tree.test.js[2m > [22mbuildSectionTree ΓÇö tree structure[2m > [22mskips script and style tags
 [32mΓ£ô[39m server/__tests__/build-tree.test.js[2m > [22mbuildSectionTree ΓÇö tree structure[2m > [22mskips svg elements
 [32mΓ£ô[39m server/__tests__/build-tree.test.js[2m > [22mbuildSectionTree ΓÇö tree structure[2m > [22mincludes textPreview for leaf nodes
 [32mΓ£ô[39m server/__tests__/build-tree.test.js[2m > [22mbuildSectionTree ΓÇö tree structure[2m > [22mtruncates textPreview at 80 chars for leaf nodes
 [32mΓ£ô[39m server/__tests__/build-tree.test.js[2m > [22mbuildSectionTree ΓÇö tree structure[2m > [22mattaches slideIndex to every node
 [32mΓ£ô[39m server/__tests__/build-tree.test.js[2m > [22mbuildSectionTree ΓÇö tree structure[2m > [22mincludes label field as tag.classes string
 [32mΓ£ô[39m server/__tests__/build-tree.test.js[2m > [22mbuildSectionTree ΓÇö interesting heuristic[2m > [22mmarks <table> as interesting
 [32mΓ£ô[39m server/__tests__/build-tree.test.js[2m > [22mbuildSectionTree ΓÇö interesting heuristic[2m > [22mmarks <ul> as interesting
 [32mΓ£ô[39m server/__tests__/build-tree.test.js[2m > [22mbuildSectionTree ΓÇö interesting heuristic[2m > [22mmarks <ol> as interesting
 [32mΓ£ô[39m server/__tests__/build-tree.test.js[2m > [22mbuildSectionTree ΓÇö interesting heuristic[2m > [22mmarks a div with 2+ text children as interesting
 [32mΓ£ô[39m server/__tests__/build-tree.test.js[2m > [22mbuildSectionTree ΓÇö interesting heuristic[2m > [22mdoes NOT mark a div with a single child as interesting
 [32mΓ£ô[39m server/__tests__/build-tree.test.js[2m > [22mbuildSectionTree ΓÇö interesting heuristic[2m > [22mmarks an element with data-zone as interesting
 [32mΓ£ô[39m server/__tests__/build-tree.test.js[2m > [22mbuildSectionTree ΓÇö interesting heuristic[2m > [22mmarks an element with data-block as interesting
 [32mΓ£ô[39m server/__tests__/build-tree.test.js[2m > [22mbuildSectionTree ΓÇö pre-existing selections[2m > [22mextracts a block selection from data-zone attribute
 [32mΓ£ô[39m server/__tests__/build-tree.test.js[2m > [22mbuildSectionTree ΓÇö pre-existing selections[2m > [22mextracts a block selection from data-block attribute
 [32mΓ£ô[39m server/__tests__/build-tree.test.js[2m > [22mbuildSectionTree ΓÇö pre-existing selections[2m > [22msets autoGenerate:false when data-auto="false"
 [32mΓ£ô[39m server/__tests__/build-tree.test.js[2m > [22mbuildSectionTree ΓÇö pre-existing selections[2m > [22msets autoGenerate:true by default
 [32mΓ£ô[39m server/__tests__/build-tree.test.js[2m > [22mbuildSectionTree ΓÇö pre-existing selections[2m > [22malways sets type:block regardless of data-type attribute
 [32mΓ£ô[39m server/__tests__/build-tree.test.js[2m > [22mbuildSectionTree ΓÇö pre-existing selections[2m > [22massigns the correct slideIndex to selections
 [32mΓ£ô[39m server/__tests__/build-tree.test.js[2m > [22mbuildSectionTree ΓÇö pre-existing selections[2m > [22massigns the correct nodeId matching the tree node
 [32mΓ£ô[39m server/__tests__/build-tree.test.js[2m > [22mbuildSectionTree ΓÇö pre-existing selections[2m > [22mreturns empty selections for a section with no data-zone or data-block
 [32mΓ£ô[39m server/__tests__/build-tree.test.js[2m > [22mbuildSectionTree ΓÇö pre-existing selections[2m > [22mextracts multiple selections from a section
 [32mΓ£ô[39m server/__tests__/build-tree.test.js[2m > [22mbuildSectionTree ΓÇö pre-existing selections[2m > [22mfalls back to element text as prompt when data-prompt is absent
 [32mΓ£ô[39m server/__tests__/build-tree.test.js[2m > [22mbuildSectionTree ΓÇö innerHTML on tree nodes[2m > [22mincludes an innerHTML field on every node
 [32mΓ£ô[39m server/__tests__/build-tree.test.js[2m > [22mbuildSectionTree ΓÇö innerHTML on tree nodes[2m > [22minnerHTML contains the inner markup of a container node
 [32mΓ£ô[39m server/__tests__/build-tree.test.js[2m > [22mbuildSectionTree ΓÇö innerHTML on tree nodes[2m > [22minnerHTML is an empty string for a leaf node with no children
 [32mΓ£ô[39m server/__tests__/build-tree.test.js[2m > [22mbuildSectionTree ΓÇö innerHTML on tree nodes[2m > [22minnerHTML is trimmed
 [32mΓ£ô[39m server/__tests__/build-tree.test.js[2m > [22mbuildSectionTree ΓÇö innerHTML on tree nodes[2m > [22minnerHTML is present on nested child nodes too
 [32mΓ£ô[39m server/__tests__/build-tree.test.js[2m > [22mbuildSectionTree ΓÇö innerHTML on tree nodes[2m > [22mdata-block selection exampleHtml matches the node innerHTML
 [32mΓ£ô[39m server/__tests__/build-tree.test.js[2m > [22mflattenTree[2m > [22mreturns empty array for empty tree
 [32mΓ£ô[39m server/__tests__/build-tree.test.js[2m > [22mflattenTree[2m > [22mreturns all nodes in depth-first order
 [32mΓ£ô[39m server/__tests__/build-tree.test.js[2m > [22mflattenTree[2m > [22mincludes all descendants
 [32mΓ£ô[39m server/__tests__/build-tree.test.js[2m > [22mfindNodeById[2m > [22mfinds a top-level node by id
 [32mΓ£ô[39m server/__tests__/build-tree.test.js[2m > [22mfindNodeById[2m > [22mfinds a nested node by id
 [32mΓ£ô[39m server/__tests__/build-tree.test.js[2m > [22mfindNodeById[2m > [22mreturns null for a nonexistent id
 [32mΓ£ô[39m server/__tests__/build-tree.test.js[2m > [22mdescendantIds[2m > [22mincludes the node itself
 [32mΓ£ô[39m server/__tests__/build-tree.test.js[2m > [22mdescendantIds[2m > [22mincludes all child ids
 [32mΓ£ô[39m server/__tests__/build-tree.test.js[2m > [22mdescendantIds[2m > [22mincludes deeply nested ids
 [32mΓ£ô[39m server/__tests__/html-flow.test.js[2m > [22mPOST /api/html-flow/upload-template[2m > [22mreturns ok:true with templateId and slideCount
 [32mΓ£ô[39m server/__tests__/html-flow.test.js[2m > [22mPOST /api/html-flow/upload-template[2m > [22mreturns a trees array (one entry per slide)
 [32mΓ£ô[39m server/__tests__/html-flow.test.js[2m > [22mPOST /api/html-flow/upload-template[2m > [22mreturns tree nodes with expected shape
 [32mΓ£ô[39m server/__tests__/html-flow.test.js[2m > [22mPOST /api/html-flow/upload-template[2m > [22mpre-populates selections from data-zone attributes (backward compat)
 [32mΓ£ô[39m server/__tests__/html-flow.test.js[2m > [22mPOST /api/html-flow/upload-template[2m > [22mpre-populates block selections from data-block attributes
 [32mΓ£ô[39m server/__tests__/html-flow.test.js[2m > [22mPOST /api/html-flow/upload-template[2m > [22mreturns empty selections for a plain template with no data-zone/data-block
 [32mΓ£ô[39m server/__tests__/html-flow.test.js[2m > [22mPOST /api/html-flow/upload-template[2m > [22mreturns a non-fatal NO_ZONES violation for a plain template
 [32mΓ£ô[39m server/__tests__/html-flow.test.js[2m > [22mPOST /api/html-flow/upload-template[2m > [22mreturns 422 for a template with no <section>
 [32mΓ£ô[39m server/__tests__/html-flow.test.js[2m > [22mPOST /api/html-flow/upload-template[2m > [22mreturns previewHtml
 [32mΓ£ô[39m server/__tests__/html-flow.test.js[2m > [22mPOST /api/html-flow/upload-template[2m > [22mreturns 400 when html is missing
 [32mΓ£ô[39m server/__tests__/html-flow.test.js[2m > [22mPOST /api/html-flow/upload-template[2m > [22mreturns 400 for a file exceeding 5MB
 [32mΓ£ô[39m server/__tests__/html-flow.test.js[2m > [22mPOST /api/html-flow/upload-template[2m > [22mpreviewHtml contains data-solon-id attributes for tree node highlighting
 [32mΓ£ô[39m server/__tests__/html-flow.test.js[2m > [22mPOST /api/html-flow/upload-template[2m > [22mdetects DUPLICATE_ZONE_KEY violation
 [32mΓ£ô[39m server/__tests__/html-flow.test.js[2m > [22mPATCH /api/html-flow/update-selections[2m > [22mreturns ok:true and echoes back the selections
 [32mΓ£ô[39m server/__tests__/html-flow.test.js[2m > [22mPATCH /api/html-flow/update-selections[2m > [22mreturns 404 for unknown templateId
 [32mΓ£ô[39m server/__tests__/html-flow.test.js[2m > [22mPATCH /api/html-flow/update-selections[2m > [22mreturns 400 when selections is not an array
 [32mΓ£ô[39m server/__tests__/html-flow.test.js[2m > [22mPOST /api/html-flow/create-project[2m > [22mreturns ok:true with chainId
 [32mΓ£ô[39m server/__tests__/html-flow.test.js[2m > [22mPOST /api/html-flow/create-project[2m > [22mderives zones from selections and returns them
 [32mΓ£ô[39m server/__tests__/html-flow.test.js[2m > [22mPOST /api/html-flow/create-project[2m > [22mwrites zones to chain.json on disk
 [32mΓ£ô[39m server/__tests__/html-flow.test.js[2m > [22mPOST /api/html-flow/create-project[2m > [22mpersists selections alongside zones in chain.json
 [32mΓ£ô[39m server/__tests__/html-flow.test.js[2m > [22mPOST /api/html-flow/create-project[2m > [22mresolves conflicts: block supersedes descendant leaf
 [32mΓ£ô[39m server/__tests__/html-flow.test.js[2m > [22mPOST /api/html-flow/create-project[2m > [22maccepts client-supplied selections overriding auto-detected ones
 [32mΓ£ô[39m server/__tests__/html-flow.test.js[2m > [22mPOST /api/html-flow/create-project[2m > [22mreturns 404 for expired/unknown templateId
 [32mΓ£ô[39m server/__tests__/html-flow.test.js[2m > [22mPOST /api/html-flow/create-project[2m > [22maccepts and persists repeatableSlides in chain.json
 [32mΓ£ô[39m server/__tests__/html-flow.test.js[2m > [22mPOST /api/html-flow/create-project[2m > [22mzones on repeatable slides get isRepeatable:true
 [32mΓ£ô[39m server/__tests__/html-flow.test.js[2m > [22mPOST /api/html-flow/create-project[2m > [22mpropagates unique:false from selections to zones
 [32mΓ£ô[39m server/__tests__/html-flow.test.js[2m > [22mPOST /api/html-flow/create-project[2m > [22mdefaults missing repeatableSlides to empty array
 [32mΓ£ô[39m server/__tests__/html-flow.test.js[2m > [22mPOST /api/html-flow/generate-recipe[2m > [22mreturns a recipe string for a leaf project (now block zones)
 [32mΓ£ô[39m server/__tests__/html-flow.test.js[2m > [22mPOST /api/html-flow/generate-recipe[2m > [22mincludes BLOCK ZONES section for a project with block zones
 [32mΓ£ô[39m server/__tests__/html-flow.test.js[2m > [22mPOST /api/html-flow/generate-recipe[2m > [22mprepends global guidance when provided
 [32mΓ£ô[39m server/__tests__/html-flow.test.js[2m > [22mPOST /api/html-flow/generate-recipe[2m > [22mreturns 404 for unknown chainId
 [32mΓ£ô[39m server/__tests__/html-flow.test.js[2m > [22mPOST /api/html-flow/generate-recipe[2m > [22mreturns 400 when chainId is missing
 [31m├ù[39m server/__tests__/html-flow.test.js[2m > [22mPOST /api/html-flow/validate-json[2m > [22mreturns valid:true for correct leaf JSON
[31m   ΓåÆ expected false to be true // Object.is equality[39m
 [32mΓ£ô[39m server/__tests__/html-flow.test.js[2m > [22mPOST /api/html-flow/validate-json[2m > [22mreturns valid:false for missing fields
 [32mΓ£ô[39m server/__tests__/html-flow.test.js[2m > [22mPOST /api/html-flow/validate-json[2m > [22mreturns valid:false for invalid JSON syntax
 [32mΓ£ô[39m server/__tests__/html-flow.test.js[2m > [22mPOST /api/html-flow/validate-json[2m > [22mreturns 404 for unknown chainId
 [31m├ù[39m server/__tests__/html-flow.test.js[2m > [22mPOST /api/html-flow/apply-content[2m > [22mapplies leaf content and returns ok:true with outputFile
[31m   ΓåÆ expected 422 to be 200 // Object.is equality[39m
 [31m├ù[39m server/__tests__/html-flow.test.js[2m > [22mPOST /api/html-flow/apply-content[2m > [22mpatched output contains AI values
[31m   ΓåÆ the given combination of arguments (undefined and string) is invalid for this assertion. You can use an array, a map, an object, a set, a string, or a weakset instead of a string[39m
 [31m├ù[39m server/__tests__/html-flow.test.js[2m > [22mPOST /api/html-flow/apply-content[2m > [22mpatched output strips data-zone attributes
[31m   ΓåÆ the given combination of arguments (undefined and string) is invalid for this assertion. You can use an array, a map, an object, a set, a string, or a weakset instead of a string[39m
 [31m├ù[39m server/__tests__/html-flow.test.js[2m > [22mPOST /api/html-flow/apply-content[2m > [22mwrites output file to disk
[31m   ΓåÆ The "path" argument must be of type string. Received undefined[39m
 [31m├ù[39m server/__tests__/html-flow.test.js[2m > [22mPOST /api/html-flow/apply-content[2m > [22mrecords the round in chain.json
[31m   ΓåÆ expected [] to have a length of 1 but got +0[39m
 [32mΓ£ô[39m server/__tests__/html-flow.test.js[2m > [22mPOST /api/html-flow/apply-content[2m > [22mreturns 422 for invalid JSON
 [32mΓ£ô[39m server/__tests__/html-flow.test.js[2m > [22mPOST /api/html-flow/apply-content[2m > [22mreturns 404 for unknown chainId
 [31m├ù[39m server/__tests__/html-flow.test.js[2m > [22mGET /api/html-flow/download/:chainId/:file[2m > [22mserves the output file as a download
[31m   ΓåÆ expected 400 to be 200 // Object.is equality[39m
 [32mΓ£ô[39m server/__tests__/html-flow.test.js[2m > [22mGET /api/html-flow/download/:chainId/:file[2m > [22mreturns 404 for a nonexistent file
 [32mΓ£ô[39m server/__tests__/html-flow.test.js[2m > [22mGET /api/html-flow/download/:chainId/:file[2m > [22mreturns 400 for a path-traversal filename
 [32mΓ£ô[39m server/__tests__/html-flow.test.js[2m > [22mSecurity ΓÇö chainId path traversal[2m > [22mrejects chainId "../other-chain" in generate-recipe
 [32mΓ£ô[39m server/__tests__/html-flow.test.js[2m > [22mSecurity ΓÇö chainId path traversal[2m > [22mrejects chainId "../other-chain" in validate-json
 [32mΓ£ô[39m server/__tests__/html-flow.test.js[2m > [22mSecurity ΓÇö chainId path traversal[2m > [22mrejects chainId "../other-chain" in apply-content
 [32mΓ£ô[39m server/__tests__/html-flow.test.js[2m > [22mSecurity ΓÇö chainId path traversal[2m > [22mrejects chainId "../other-chain" in download
 [32mΓ£ô[39m server/__tests__/html-flow.test.js[2m > [22mSecurity ΓÇö chainId path traversal[2m > [22mrejects chainId "../../etc" in generate-recipe
 [32mΓ£ô[39m server/__tests__/html-flow.test.js[2m > [22mSecurity ΓÇö chainId path traversal[2m > [22mrejects chainId "../../etc" in validate-json
 [32mΓ£ô[39m server/__tests__/html-flow.test.js[2m > [22mSecurity ΓÇö chainId path traversal[2m > [22mrejects chainId "../../etc" in apply-content
 [32mΓ£ô[39m server/__tests__/html-flow.test.js[2m > [22mSecurity ΓÇö chainId path traversal[2m > [22mrejects chainId "../../etc" in download
 [32mΓ£ô[39m server/__tests__/html-flow.test.js[2m > [22mSecurity ΓÇö chainId path traversal[2m > [22mrejects chainId "chain-abc/../../../etc" in generate-recipe
 [32mΓ£ô[39m server/__tests__/html-flow.test.js[2m > [22mSecurity ΓÇö chainId path traversal[2m > [22mrejects chainId "chain-abc/../../../etc" in validate-json
 [32mΓ£ô[39m server/__tests__/html-flow.test.js[2m > [22mSecurity ΓÇö chainId path traversal[2m > [22mrejects chainId "chain-abc/../../../etc" in apply-content
 [32mΓ£ô[39m server/__tests__/html-flow.test.js[2m > [22mSecurity ΓÇö chainId path traversal[2m > [22mrejects chainId "chain-abc/../../../etc" in download
 [32mΓ£ô[39m server/__tests__/html-flow.test.js[2m > [22mSecurity ΓÇö chainId path traversal[2m > [22mrejects chainId "chain-abc%2F..%2F..%2Fetc" in generate-recipe
 [32mΓ£ô[39m server/__tests__/html-flow.test.js[2m > [22mSecurity ΓÇö chainId path traversal[2m > [22mrejects chainId "chain-abc%2F..%2F..%2Fetc" in validate-json
 [32mΓ£ô[39m server/__tests__/html-flow.test.js[2m > [22mSecurity ΓÇö chainId path traversal[2m > [22mrejects chainId "chain-abc%2F..%2F..%2Fetc" in apply-content
 [32mΓ£ô[39m server/__tests__/html-flow.test.js[2m > [22mSecurity ΓÇö chainId path traversal[2m > [22mrejects chainId "chain-abc%2F..%2F..%2Fetc" in download
 [32mΓ£ô[39m server/__tests__/html-flow.test.js[2m > [22mSecurity ΓÇö chainId path traversal[2m > [22mcreate-project does not leak templatePath in response
 [31m├ù[39m server/__tests__/html-flow.test.js[2m > [22mSecurity ΓÇö chainId path traversal[2m > [22mapply-content does not leak outputPath in response
[31m   ΓåÆ expected undefined to be truthy[39m

node.exe : [31mΓÄ»ΓÄ»ΓÄ»ΓÄ»ΓÄ»ΓÄ»ΓÄ»[1m[7m Failed Tests 8 [27m[22mΓÄ»ΓÄ»ΓÄ»ΓÄ»ΓÄ»ΓÄ»ΓÄ»[39m
At line:1 char:1
+ & "C:\Program Files\nodejs/node.exe" "C:\Program Files\nodejs/node_mo ...
+ ~~~~~~~~~~~~~~~~~~~~~~~~~~~~~~~~~~~~~~~~~~~~~~~~~~~~~~~~~~~~~~~~~~~~~
    + CategoryInfo          : NotSpecified: ([31mΓÄ»ΓÄ»ΓÄ»Γ...»ΓÄ»ΓÄ»ΓÄ»[39m:String) [], RemoteException
    + FullyQualifiedErrorId : NativeCommandError
 

[31m[1m[7m FAIL [27m[22m[39m server/__tests__/html-flow.test.js[2m > [22mPOST /api/html-flow/validate-json[2m 
> [22mreturns valid:true for correct leaf JSON
[31m[1mAssertionError[22m: expected false to be true // Object.is equality[39m

[32m- Expected[39m
[31m+ Received[39m

[32m- true[39m
[31m+ false[39m

[36m [2mΓ¥»[22m server/__tests__/html-flow.test.js:[2m457:28[22m[39m
    [90m455| [39m      [33m.[39m[34msend[39m({ chainId[33m,[39m jsonString[33m:[39m json })[33m;[39m
    [90m456| [39m    [34mexpect[39m(res[33m.[39mstatus)[33m.[39m[34mtoBe[39m([34m200[39m)[33m;[39m
    [90m457| [39m    
[34mexpect[39m(res[33m.[39mbody[33m.[39mvalid)[33m.[39m[34mtoBe[39m([35mtrue[39m)[33m;[39m
    [90m   | [39m                           [31m^[39m
    [90m458| [39m  })[33m;[39m
    [90m459| [39m

[31m[2mΓÄ»ΓÄ»ΓÄ»ΓÄ»ΓÄ»ΓÄ»ΓÄ»ΓÄ»ΓÄ»ΓÄ»ΓÄ»ΓÄ»ΓÄ»ΓÄ»ΓÄ»ΓÄ»ΓÄ»ΓÄ»ΓÄ»ΓÄ»ΓÄ»ΓÄ»ΓÄ»ΓÄ»[1/8]ΓÄ»[22m[39m

[31m[1m[7m FAIL [27m[22m[39m server/__tests__/html-flow.test.js[2m > [22mPOST /api/html-flow/apply-content[2m 
> [22mapplies leaf content and returns ok:true with outputFile
[31m[1mAssertionError[22m: expected 422 to be 200 // Object.is equality[39m

[32m- Expected[39m
[31m+ Received[39m

[32m- 200[39m
[31m+ 422[39m

[36m [2mΓ¥»[22m server/__tests__/html-flow.test.js:[2m497:24[22m[39m
    [90m495| [39m      [33m.[39m[34mpost[39m([32m'/api/html-flow/apply-content'[39m)
    [90m496| [39m      [33m.[39m[34msend[39m({ chainId[33m,[39m jsonString[33m:[39m json })[33m;[39m
    [90m497| [39m    [34mexpect[39m(res[33m.[39mstatus)[33m.[39m[34mtoBe[39m([34m200[39m)[33m;[39m
    [90m   | [39m                       [31m^[39m
    [90m498| [39m    
[34mexpect[39m(res[33m.[39mbody[33m.[39mok)[33m.[39m[34mtoBe[39m([35mtrue[39m)[33m;[39m
    [90m499| [39m    
[34mexpect[39m(res[33m.[39mbody[33m.[39moutputFile)[33m.[39m[34mtoMatch[39m([36m/\.html$/[39m)[33m;[39m

[31m[2mΓÄ»ΓÄ»ΓÄ»ΓÄ»ΓÄ»ΓÄ»ΓÄ»ΓÄ»ΓÄ»ΓÄ»ΓÄ»ΓÄ»ΓÄ»ΓÄ»ΓÄ»ΓÄ»ΓÄ»ΓÄ»ΓÄ»ΓÄ»ΓÄ»ΓÄ»ΓÄ»ΓÄ»[2/8]ΓÄ»[22m[39m

[31m[1m[7m FAIL [27m[22m[39m server/__tests__/html-flow.test.js[2m > [22mPOST /api/html-flow/apply-content[2m 
> [22mpatched output contains AI values
[31m[1mAssertionError[22m: the given combination of arguments (undefined and string) is invalid for this assertion. 
You can use an array, a map, an object, a set, a string, or a weakset instead of a string[39m
[36m [2mΓ¥»[22m server/__tests__/html-flow.test.js:[2m508:34[22m[39m
    [90m506| [39m      [33m.[39m[34mpost[39m([32m'/api/html-flow/apply-content'[39m)
    [90m507| [39m      [33m.[39m[34msend[39m({ chainId[33m,[39m jsonString[33m:[39m json })[33m;[39m
    [90m508| [39m    
[34mexpect[39m(res[33m.[39mbody[33m.[39mpreviewHtml)[33m.[39m[34mtoContain[39m([32m'Q3 
Report'[39m)[33m;[39m
    [90m   | [39m                                 [31m^[39m
    [90m509| [39m  })[33m;[39m
    [90m510| [39m

[31m[2mΓÄ»ΓÄ»ΓÄ»ΓÄ»ΓÄ»ΓÄ»ΓÄ»ΓÄ»ΓÄ»ΓÄ»ΓÄ»ΓÄ»ΓÄ»ΓÄ»ΓÄ»ΓÄ»ΓÄ»ΓÄ»ΓÄ»ΓÄ»ΓÄ»ΓÄ»ΓÄ»ΓÄ»[3/8]ΓÄ»[22m[39m

[31m[1m[7m FAIL [27m[22m[39m server/__tests__/html-flow.test.js[2m > [22mPOST /api/html-flow/apply-content[2m 
> [22mpatched output strips data-zone attributes
[31m[1mAssertionError[22m: the given combination of arguments (undefined and string) is invalid for this assertion. 
You can use an array, a map, an object, a set, a string, or a weakset instead of a string[39m
[36m [2mΓ¥»[22m server/__tests__/html-flow.test.js:[2m517:38[22m[39m
    [90m515| [39m      [33m.[39m[34mpost[39m([32m'/api/html-flow/apply-content'[39m)
    [90m516| [39m      [33m.[39m[34msend[39m({ chainId[33m,[39m jsonString[33m:[39m json })[33m;[39m
    [90m517| [39m    [34mexpect[39m(res[33m.[39mbody[33m.[39mpreviewHtml)[33m.[39mnot[33m.[39m[34mtoContai
n[39m([32m'data-zone'[39m)[33m;[39m
    [90m   | [39m                                     [31m^[39m
    [90m518| [39m  })[33m;[39m
    [90m519| [39m

[31m[2mΓÄ»ΓÄ»ΓÄ»ΓÄ»ΓÄ»ΓÄ»ΓÄ»ΓÄ»ΓÄ»ΓÄ»ΓÄ»ΓÄ»ΓÄ»ΓÄ»ΓÄ»ΓÄ»ΓÄ»ΓÄ»ΓÄ»ΓÄ»ΓÄ»ΓÄ»ΓÄ»ΓÄ»[4/8]ΓÄ»[22m[39m

[31m[1m[7m FAIL [27m[22m[39m server/__tests__/html-flow.test.js[2m > [22mPOST /api/html-flow/apply-content[2m 
> [22mwrites output file to disk
[31m[1mTypeError[22m: The "path" argument must be of type string. Received undefined[39m
[36m [2mΓ¥»[22m server/__tests__/html-flow.test.js:[2m526:27[22m[39m
    [90m524| [39m      [33m.[39m[34mpost[39m([32m'/api/html-flow/apply-content'[39m)
    [90m525| [39m      [33m.[39m[34msend[39m({ chainId[33m,[39m jsonString[33m:[39m json })[33m;[39m
    [90m526| [39m    [35mconst[39m filePath [33m=[39m 
path[33m.[39m[34mjoin[39m(process[33m.[39menv[33m.[39m[33mCHAINS_DIR[39m[33m,[39m chainId[33m,[39m 
res[33m.[39mboΓÇª
    [90m   | [39m                          [31m^[39m
    [90m527| [39m    
[34mexpect[39m(fs[33m.[39m[34mexistsSync[39m(filePath))[33m.[39m[34mtoBe[39m([35mtrue[39m)[33m;[39m
    [90m528| [39m  })[33m;[39m

[31m[2mΓÄ»ΓÄ»ΓÄ»ΓÄ»ΓÄ»ΓÄ»ΓÄ»ΓÄ»ΓÄ»ΓÄ»ΓÄ»ΓÄ»ΓÄ»ΓÄ»ΓÄ»ΓÄ»ΓÄ»ΓÄ»ΓÄ»ΓÄ»ΓÄ»ΓÄ»ΓÄ»ΓÄ»ΓÄ»ΓÄ»ΓÄ»ΓÄ»ΓÄ»ΓÄ»[22m[39m
[31m[1mSerialized Error:[22m[39m [90m{ code: 'ERR_INVALID_ARG_TYPE' }[39m
[31m[2mΓÄ»ΓÄ»ΓÄ»ΓÄ»ΓÄ»ΓÄ»ΓÄ»ΓÄ»ΓÄ»ΓÄ»ΓÄ»ΓÄ»ΓÄ»ΓÄ»ΓÄ»ΓÄ»ΓÄ»ΓÄ»ΓÄ»ΓÄ»ΓÄ»ΓÄ»ΓÄ»ΓÄ»[5/8]ΓÄ»[22m[39m

[31m[1m[7m FAIL [27m[22m[39m server/__tests__/html-flow.test.js[2m > [22mPOST /api/html-flow/apply-content[2m 
> [22mrecords the round in chain.json
[31m[1mAssertionError[22m: expected [] to have a length of 1 but got +0[39m

[32m- Expected[39m
[31m+ Received[39m

[32m- 1[39m
[31m+ 0[39m

[36m [2mΓ¥»[22m server/__tests__/html-flow.test.js:[2m539:26[22m[39m
    [90m537| [39m      path[33m.[39m[34mjoin[39m(process[33m.[39menv[33m.[39m[33mCHAINS_DIR[39m[33m,[39m 
chainId[33m,[39m [32m'chain.json'[39m)[33m,[39m [32m'utf8'[39m
    [90m538| [39m    ))[33m;[39m
    [90m539| [39m    
[34mexpect[39m(chain[33m.[39mrounds)[33m.[39m[34mtoHaveLength[39m([34m1[39m)[33m;[39m
    [90m   | [39m                         [31m^[39m
    [90m540| [39m  })[33m;[39m
    [90m541| [39m

[31m[2mΓÄ»ΓÄ»ΓÄ»ΓÄ»ΓÄ»ΓÄ»ΓÄ»ΓÄ»ΓÄ»ΓÄ»ΓÄ»ΓÄ»ΓÄ»ΓÄ»ΓÄ»ΓÄ»ΓÄ»ΓÄ»ΓÄ»ΓÄ»ΓÄ»ΓÄ»ΓÄ»ΓÄ»[6/8]ΓÄ»[22m[39m

[31m[1m[7m FAIL [27m[22m[39m server/__tests__/html-flow.test.js[2m > [22mGET 
/api/html-flow/download/:chainId/:file[2m > [22mserves the output file as a download
[31m[1mAssertionError[22m: expected 400 to be 200 // Object.is equality[39m

[32m- Expected[39m
[31m+ Received[39m

[32m- 200[39m
[31m+ 400[39m

[36m [2mΓ¥»[22m server/__tests__/html-flow.test.js:[2m573:24[22m[39m
    [90m571| [39m    [35mconst[39m res [33m=[39m [35mawait[39m [34mrequest[39m(app)
    [90m572| [39m      [33m.[39m[35mget[39m([32m`/api/html-flow/download/[39m[36m${[39mchainId[36m}[39m[32
m/[39m[36m${[39moutputFile[36m}[39m[32m`[39m)[33m;[39m
    [90m573| [39m    [34mexpect[39m(res[33m.[39mstatus)[33m.[39m[34mtoBe[39m([34m200[39m)[33m;[39m
    [90m   | [39m                       [31m^[39m
    [90m574| [39m    [34mexpect[39m(res[33m.[39mheaders[[32m'content-type'[39m])[33m.[39m[34mtoMatch[39m([
36m/text\/html/[39m)[33m;[39m
    [90m575| [39m    [34mexpect[39m(res[33m.[39mheaders[[32m'content-disposition'[39m])[33m.[39m[34mtoContai
n[39m(outputFile)[33m;[39m

[31m[2mΓÄ»ΓÄ»ΓÄ»ΓÄ»ΓÄ»ΓÄ»ΓÄ»ΓÄ»ΓÄ»ΓÄ»ΓÄ»ΓÄ»ΓÄ»ΓÄ»ΓÄ»ΓÄ»ΓÄ»ΓÄ»ΓÄ»ΓÄ»ΓÄ»ΓÄ»ΓÄ»ΓÄ»[7/8]ΓÄ»[22m[39m

[31m[1m[7m FAIL [27m[22m[39m server/__tests__/html-flow.test.js[2m > [22mSecurity ΓÇö chainId path 
traversal[2m > [22mapply-content does not leak outputPath in response
[31m[1mAssertionError[22m: expected undefined to be truthy[39m

[32m- Expected:[39m 
true

[31m+ Received:[39m 
undefined

[36m [2mΓ¥»[22m server/__tests__/html-flow.test.js:[2m656:33[22m[39m
    [90m654| [39m      [33m.[39m[34msend[39m({ chainId[33m,[39m jsonString[33m:[39m json })[33m;[39m
    [90m655| [39m    
[34mexpect[39m(res[33m.[39mbody[33m.[39moutputPath)[33m.[39m[34mtoBeUndefined[39m()[33m;[39m
    [90m656| [39m    
[34mexpect[39m(res[33m.[39mbody[33m.[39moutputFile)[33m.[39m[34mtoBeTruthy[39m()[33m;[39m [90m// filename 
only is fine[39m
    [90m   | [39m                                [31m^[39m
[2m Test Files [22m [1m[31m1 failed[39m[22m[2m | [22m[1m[32m4 passed[39m[22m[90m (5)[39m
    [90m657| [39m  })[33m;[39m
    [90m658| [39m})[33m;[39m

[31m[2mΓÄ»ΓÄ»ΓÄ»ΓÄ»ΓÄ»ΓÄ»ΓÄ»ΓÄ»ΓÄ»ΓÄ»ΓÄ»ΓÄ»ΓÄ»ΓÄ»ΓÄ»ΓÄ»ΓÄ»ΓÄ»ΓÄ»ΓÄ»ΓÄ»ΓÄ»ΓÄ»ΓÄ»[8/8]ΓÄ»[22m[39m

[2m      Tests [22m [1m[31m8 failed[39m[22m[2m | [22m[1m[32m237 passed[39m[22m[90m (245)[39m
[2m   Start at [22m 14:17:32
[2m   Duration [22m 2.49s[2m (transform 361ms, setup 0ms, collect 1.34s, tests 1.39s, environment 2ms, prepare 1.72s)[22m

